/Users/a91935/Documents/Ananya/UCL/DLSN/files/evaluate.py:73: UserWarning: FigureCanvasAgg is non-interactive, and thus cannot be shown
  plt.show()
/Users/a91935/Documents/Ananya/UCL/DLSN/files/evaluate.py:52: UserWarning: FigureCanvasAgg is non-interactive, and thus cannot be shown
  plt.show()
WARNING:absl:Please consider providing the trackable_obj argument in the from_concrete_functions. Providing without the trackable_obj argument is deprecated and it will use the deprecated conversion path.
/Users/a91935/Documents/Ananya/UCL/DLSN/files/venv/lib/python3.13/site-packages/tensorflow/lite/python/interpreter.py:457: UserWarning:     Warning: tf.lite.Interpreter is deprecated and is scheduled for deletion in
    TF 2.20. Please use the LiteRT interpreter from the ai_edge_litert package.
    See the [migration guide](https://ai.google.dev/edge/litert/migration)
    for details.
    
  warnings.warn(_INTERPRETER_DELETION_WARNING)
█████████████████████████████████████████████
  sad           522  ████████████████████████████████████████████████████
  neutral       546  ██████████████████████████████████████████████████████
Model: "ExpressionCNN"
┏━━━━━━━━━━━━━━━━━━━━━━━━━━━━━━━━━━━━━━┳━━━━━━━━━━━━━━━━━━━━━━━━━━━━━┳━━━━━━━━━━━━━━━━━┓
┃ Layer (type)                         ┃ Output Shape                ┃         Param # ┃
┡━━━━━━━━━━━━━━━━━━━━━━━━━━━━━━━━━━━━━━╇━━━━━━━━━━━━━━━━━━━━━━━━━━━━━╇━━━━━━━━━━━━━━━━━┩
│ input_layer (InputLayer)             │ (None, 48, 48, 1)           │               0 │
├──────────────────────────────────────┼─────────────────────────────┼─────────────────┤
│ conv2d (Conv2D)                      │ (None, 48, 48, 32)          │             288 │
├──────────────────────────────────────┼─────────────────────────────┼─────────────────┤
│ batch_normalization                  │ (None, 48, 48, 32)          │             128 │
│ (BatchNormalization)                 │                             │                 │
├──────────────────────────────────────┼─────────────────────────────┼─────────────────┤
│ activation (Activation)              │ (None, 48, 48, 32)          │               0 │
├──────────────────────────────────────┼─────────────────────────────┼─────────────────┤
│ max_pooling2d (MaxPooling2D)         │ (None, 24, 24, 32)          │               0 │
├──────────────────────────────────────┼─────────────────────────────┼─────────────────┤
│ dropout (Dropout)                    │ (None, 24, 24, 32)          │               0 │
├──────────────────────────────────────┼─────────────────────────────┼─────────────────┤
│ conv2d_1 (Conv2D)                    │ (None, 24, 24, 64)          │          18,432 │
├──────────────────────────────────────┼─────────────────────────────┼─────────────────┤
│ batch_normalization_1                │ (None, 24, 24, 64)          │             256 │
│ (BatchNormalization)                 │                             │                 │
├──────────────────────────────────────┼─────────────────────────────┼─────────────────┤
│ activation_1 (Activation)            │ (None, 24, 24, 64)          │               0 │
├──────────────────────────────────────┼─────────────────────────────┼─────────────────┤
│ max_pooling2d_1 (MaxPooling2D)       │ (None, 12, 12, 64)          │               0 │
├──────────────────────────────────────┼─────────────────────────────┼─────────────────┤
│ dropout_1 (Dropout)                  │ (None, 12, 12, 64)          │               0 │
├──────────────────────────────────────┼─────────────────────────────┼─────────────────┤
│ conv2d_2 (Conv2D)                    │ (None, 12, 12, 128)         │          73,728 │
├──────────────────────────────────────┼─────────────────────────────┼─────────────────┤
│ batch_normalization_2                │ (None, 12, 12, 128)         │             512 │
│ (BatchNormalization)                 │                             │                 │
├──────────────────────────────────────┼─────────────────────────────┼─────────────────┤
│ activation_2 (Activation)            │ (None, 12, 12, 128)         │               0 │
├──────────────────────────────────────┼─────────────────────────────┼─────────────────┤
│ max_pooling2d_2 (MaxPooling2D)       │ (None, 6, 6, 128)           │               0 │
├──────────────────────────────────────┼─────────────────────────────┼─────────────────┤
│ dropout_2 (Dropout)                  │ (None, 6, 6, 128)           │               0 │
├──────────────────────────────────────┼─────────────────────────────┼─────────────────┤
│ flatten (Flatten)                    │ (None, 4608)                │               0 │
├──────────────────────────────────────┼─────────────────────────────┼─────────────────┤
│ dense (Dense)                        │ (None, 256)                 │       1,179,648 │
├──────────────────────────────────────┼─────────────────────────────┼─────────────────┤
│ batch_normalization_3                │ (None, 256)                 │           1,024 │
│ (BatchNormalization)                 │                             │                 │
├──────────────────────────────────────┼─────────────────────────────┼─────────────────┤
│ activation_3 (Activation)            │ (None, 256)                 │               0 │
├──────────────────────────────────────┼─────────────────────────────┼─────────────────┤
│ dropout_3 (Dropout)                  │ (None, 256)                 │               0 │
├──────────────────────────────────────┼─────────────────────────────┼─────────────────┤
│ dense_1 (Dense)                      │ (None, 4)                   │           1,028 │
└──────────────────────────────────────┴─────────────────────────────┴─────────────────┘
 Total params: 1,275,044 (4.86 MB)
 Trainable params: 1,274,084 (4.86 MB)
 Non-trainable params: 960 (3.75 KB)

[Model] Total params : 1,275,044
[Model] Classes      : 4
[Model] Input shape  : (48 x 48 x 1)

=======================================================
  STEP 2 — Train
=======================================================
 Epoch   T-Loss   T-Acc   V-Loss   V-Acc         LR
---------------------------------------------------
     1   1.7436  0.2791   1.3928  0.2414   0.001000
[Model] Weights saved -> outputs/best_weights.weights.h5
         * Best saved  (val_acc=0.2414)
     2   1.5833  0.3124   1.4485  0.2402   0.001000
     3   1.4786  0.3333   1.5053  0.2621   0.001000
[Model] Weights saved -> outputs/best_weights.weights.h5
         * Best saved  (val_acc=0.2621)
     4   1.4535  0.3512   1.3764  0.3034   0.001000
[Model] Weights saved -> outputs/best_weights.weights.h5
         * Best saved  (val_acc=0.3034)
     5   1.3899  0.3741   1.2924  0.3759   0.001000
[Model] Weights saved -> outputs/best_weights.weights.h5
         * Best saved  (val_acc=0.3759)
     6   1.3419  0.3900   1.2734  0.4023   0.001000
[Model] Weights saved -> outputs/best_weights.weights.h5
         * Best saved  (val_acc=0.4023)
     7   1.2887  0.4229   1.2996  0.3839   0.001000
     8   1.2296  0.4522   1.2409  0.4517   0.001000
[Model] Weights saved -> outputs/best_weights.weights.h5
         * Best saved  (val_acc=0.4517)
     9   1.1959  0.4741   1.2240  0.4310   0.001000
    10   1.1559  0.4876   1.1443  0.4908   0.001000
[Model] Weights saved -> outputs/best_weights.weights.h5
         * Best saved  (val_acc=0.4908)
    11   1.1363  0.5065   1.1521  0.4966   0.001000
[Model] Weights saved -> outputs/best_weights.weights.h5
         * Best saved  (val_acc=0.4966)
    12   1.1183  0.5129   1.1710  0.4690   0.001000
    13   1.0785  0.5264   1.2184  0.4356   0.001000
    14   1.0680  0.5363   1.2071  0.4736   0.001000
    15   1.0200  0.5647   1.1133  0.5115   0.001000
[Model] Weights saved -> outputs/best_weights.weights.h5
         * Best saved  (val_acc=0.5115)
    16   1.0325  0.5547   1.1736  0.4897   0.001000
    17   0.9904  0.5771   1.0815  0.5172   0.001000
[Model] Weights saved -> outputs/best_weights.weights.h5
         * Best saved  (val_acc=0.5172)
    18   0.9776  0.5851   1.2215  0.4736   0.001000
    19   0.9848  0.5866   1.0927  0.5287   0.001000
[Model] Weights saved -> outputs/best_weights.weights.h5
         * Best saved  (val_acc=0.5287)
    20   0.9550  0.5905   1.0974  0.5207   0.001000
    21   0.9136  0.6085   1.2288  0.4805   0.001000
    22   0.8864  0.6299   1.0869  0.5414   0.001000
[Model] Weights saved -> outputs/best_weights.weights.h5
         * Best saved  (val_acc=0.5414)
    23   0.9021  0.6184   1.0963  0.5506   0.001000
[Model] Weights saved -> outputs/best_weights.weights.h5
         * Best saved  (val_acc=0.5506)
    24   0.9011  0.6299   1.0927  0.5241   0.001000
    25   0.8678  0.6408   1.0824  0.5299   0.001000
    26   0.8449  0.6617   1.0419  0.5540   0.001000
[Model] Weights saved -> outputs/best_weights.weights.h5
         * Best saved  (val_acc=0.5540)
    27   0.8353  0.6776   1.0830  0.5460   0.001000
    28   0.8097  0.6657   1.0752  0.5356   0.001000
    29   0.7685  0.6806   1.1176  0.5264   0.001000
    30   0.7540  0.6881   1.1460  0.5379   0.001000
    31   0.7474  0.6980   1.0728  0.5437   0.001000
         v LR reduced -> 0.000500
    32   0.7641  0.6955   1.1008  0.5563   0.000500
[Model] Weights saved -> outputs/best_weights.weights.h5
         * Best saved  (val_acc=0.5563)
    33   0.7459  0.6846   1.1456  0.5494   0.000500
    34   0.7306  0.7154   1.1355  0.5494   0.000500
    35   0.7012  0.7139   1.1372  0.5621   0.000500
[Model] Weights saved -> outputs/best_weights.weights.h5
         * Best saved  (val_acc=0.5621)
    36   0.7084  0.7179   1.1350  0.5460   0.000500
    37   0.6994  0.7234   1.1052  0.5632   0.000500
[Model] Weights saved -> outputs/best_weights.weights.h5
         * Best saved  (val_acc=0.5632)
    38   0.6901  0.7323   1.2233  0.5391   0.000500
    39   0.6365  0.7522   1.1471  0.5437   0.000500
    40   0.6861  0.7363   1.1849  0.5448   0.000500
    41   0.6186  0.7597   1.1433  0.5586   0.000500
    42   0.6090  0.7622   1.1416  0.5563   0.000500
         v LR reduced -> 0.000250
    43   0.6046  0.7552   1.1701  0.5483   0.000250
    44   0.5681  0.7756   1.3130  0.4897   0.000250
    45   0.6152  0.7572   1.1977  0.5460   0.000250
    46   0.5908  0.7687   1.1734  0.5437   0.000250
    47   0.5794  0.7791   1.1681  0.5701   0.000250
[Model] Weights saved -> outputs/best_weights.weights.h5
         * Best saved  (val_acc=0.5701)
    48   0.5592  0.7796   1.2021  0.5701   0.000250
[Model] Weights saved -> outputs/best_weights.weights.h5
         * Best saved  (val_acc=0.5701)
    49   0.5392  0.7990   1.2281  0.5402   0.000250
    50   0.5243  0.7960   1.2148  0.5667   0.000250
    51   0.5531  0.7776   1.2906  0.5724   0.000250
[Model] Weights saved -> outputs/best_weights.weights.h5
         * Best saved  (val_acc=0.5724)
    52   0.5265  0.8025   1.2437  0.5517   0.000250
    53   0.4918  0.8025   1.2927  0.5448   0.000250
    54   0.4974  0.8040   1.2188  0.5529   0.000250
    55   0.4993  0.8085   1.2239  0.5494   0.000250
    56   0.4624  0.8328   1.2850  0.5368   0.000250
         v LR reduced -> 0.000125
    57   0.5155  0.8060   1.2239  0.5678   0.000125
    58   0.4877  0.8199   1.2171  0.5632   0.000125
    59   0.4864  0.8075   1.2547  0.5437   0.000125
    60   0.4572  0.8174   1.2252  0.5609   0.000125
    61   0.4359  0.8358   1.3249  0.5644   0.000125
         v LR reduced -> 0.000063

[Train] Early stopping at epoch 61.

[Train] Best validation accuracy: 0.5724
[Main] History saved → outputs/history.json

=======================================================
  STEP 3 — Evaluate
=======================================================
[Model] Weights loaded <- outputs/best_weights.weights.h5

[Evaluate] Classification Report:
───────────────────────────────────────────────────────
              precision    recall  f1-score   support

       angry     0.4913    0.6068    0.5430       234
       happy     0.7173    0.8095    0.7606       210
         sad     0.6456    0.2429    0.3529       210
     neutral     0.5020    0.6225    0.5558       204

    accuracy                         0.5711       858
   macro avg     0.5890    0.5704    0.5531       858
weighted avg     0.5869    0.5711    0.5528       858

[Evaluate] Confusion matrix -> logs/confusion_latest.png
[Evaluate] History plot -> logs/history_latest.png
[Logger] Experiment saved: exp_20260503_213900
         JSON  -> logs/experiments.json
         CSV   -> logs/summary.csv

====================================================================================================
  EXPERIMENT COMPARISON TABLE
====================================================================================================
ID                     Notes                      ValAcc  MacroF1  Size KB   FPS  Epochs
----------------------------------------------------------------------------------------------------
1. Original architecture                          0.5529   0.5377   1255.9   10.0      31
2. Batch size is 30                               0.5437   0.5377   1255.9   10.0      30
3. Kept batch size as 15                          0.5552   0.5525   1255.9   10.0      31
4. Reduced number of Epochs to 50                  0.554   0.5554   1255.9   10.0      39
5. Medium sized model with (32, 64, 128)           0.577   0.5735   1255.9   10.0      50
6. Increased "SAD" class dataset to 555           0.5724   0.5531   1255.9   10.0      61
7. Large size model (64, 128, 256)                0.5644     0.56   1255.9   10.0      46
9. Tiny size model (16, 32, 64)                    0.554    0.558   2682.2   10.0      70
====================================================================================================
  Total experiments: 9
  Log files: logs/experiments.json  |  logs/summary.csv


=======================================================
  STEP 4 — Convert to TFLite for Raspberry Pi
=======================================================
[Convert] Loading model weights...
[Model] Weights loaded <- outputs/best_weights.weights.h5
[Convert] Running TFLite conversion with quantisation...
[Convert] Saved  -> outputs/expression_model.tflite
[Convert] Size   : 1255.9 KB
[Convert] Running sanity check...
[Convert] Probabilities sum: 1.0000  (should be ~1.0) OK
[Convert] Conversion complete.

=======================================================
  PIPELINE COMPLETE
=======================================================
  Weights  → outputs/best_weights.npy
  TFLite   → outputs/expression_model.tflite
  Copy expression_model.tflite + inference_pi.py to your Pi
=======================================================
