/Users/a91935/Documents/Ananya/UCL/DLSN/files/evaluate.py:73: UserWarning: FigureCanvasAgg is non-interactive, and thus cannot be shown
  plt.show()
/Users/a91935/Documents/Ananya/UCL/DLSN/files/evaluate.py:52: UserWarning: FigureCanvasAgg is non-interactive, and thus cannot be shown
  plt.show()
WARNING:absl:Please consider providing the trackable_obj argument in the from_concrete_functions. Providing without the trackable_obj argument is deprecated and it will use the deprecated conversion path.
/Users/a91935/Documents/Ananya/UCL/DLSN/files/venv/lib/python3.13/site-packages/tensorflow/lite/python/interpreter.py:457: UserWarning:     Warning: tf.lite.Interpreter is deprecated and is scheduled for deletion in
    TF 2.20. Please use the LiteRT interpreter from the ai_edge_litert package.
    See the [migration guide](https://ai.google.dev/edge/litert/migration)
    for details.
    
  warnings.warn(_INTERPRETER_DELETION_WARNING)
█████████████████████████████████████████████
  sad           408  ████████████████████████████████████████
  neutral       546  ██████████████████████████████████████████████████████
Model: "ExpressionCNN"
┏━━━━━━━━━━━━━━━━━━━━━━━━━━━━━━━━━━━━━━┳━━━━━━━━━━━━━━━━━━━━━━━━━━━━━┳━━━━━━━━━━━━━━━━━┓
┃ Layer (type)                         ┃ Output Shape                ┃         Param # ┃
┡━━━━━━━━━━━━━━━━━━━━━━━━━━━━━━━━━━━━━━╇━━━━━━━━━━━━━━━━━━━━━━━━━━━━━╇━━━━━━━━━━━━━━━━━┩
│ input_layer (InputLayer)             │ (None, 48, 48, 1)           │               0 │
├──────────────────────────────────────┼─────────────────────────────┼─────────────────┤
│ conv2d (Conv2D)                      │ (None, 48, 48, 64)          │             576 │
├──────────────────────────────────────┼─────────────────────────────┼─────────────────┤
│ batch_normalization                  │ (None, 48, 48, 64)          │             256 │
│ (BatchNormalization)                 │                             │                 │
├──────────────────────────────────────┼─────────────────────────────┼─────────────────┤
│ activation (Activation)              │ (None, 48, 48, 64)          │               0 │
├──────────────────────────────────────┼─────────────────────────────┼─────────────────┤
│ max_pooling2d (MaxPooling2D)         │ (None, 24, 24, 64)          │               0 │
├──────────────────────────────────────┼─────────────────────────────┼─────────────────┤
│ dropout (Dropout)                    │ (None, 24, 24, 64)          │               0 │
├──────────────────────────────────────┼─────────────────────────────┼─────────────────┤
│ conv2d_1 (Conv2D)                    │ (None, 24, 24, 128)         │          73,728 │
├──────────────────────────────────────┼─────────────────────────────┼─────────────────┤
│ batch_normalization_1                │ (None, 24, 24, 128)         │             512 │
│ (BatchNormalization)                 │                             │                 │
├──────────────────────────────────────┼─────────────────────────────┼─────────────────┤
│ activation_1 (Activation)            │ (None, 24, 24, 128)         │               0 │
├──────────────────────────────────────┼─────────────────────────────┼─────────────────┤
│ max_pooling2d_1 (MaxPooling2D)       │ (None, 12, 12, 128)         │               0 │
├──────────────────────────────────────┼─────────────────────────────┼─────────────────┤
│ dropout_1 (Dropout)                  │ (None, 12, 12, 128)         │               0 │
├──────────────────────────────────────┼─────────────────────────────┼─────────────────┤
│ conv2d_2 (Conv2D)                    │ (None, 12, 12, 256)         │         294,912 │
├──────────────────────────────────────┼─────────────────────────────┼─────────────────┤
│ batch_normalization_2                │ (None, 12, 12, 256)         │           1,024 │
│ (BatchNormalization)                 │                             │                 │
├──────────────────────────────────────┼─────────────────────────────┼─────────────────┤
│ activation_2 (Activation)            │ (None, 12, 12, 256)         │               0 │
├──────────────────────────────────────┼─────────────────────────────┼─────────────────┤
│ max_pooling2d_2 (MaxPooling2D)       │ (None, 6, 6, 256)           │               0 │
├──────────────────────────────────────┼─────────────────────────────┼─────────────────┤
│ dropout_2 (Dropout)                  │ (None, 6, 6, 256)           │               0 │
├──────────────────────────────────────┼─────────────────────────────┼─────────────────┤
│ flatten (Flatten)                    │ (None, 9216)                │               0 │
├──────────────────────────────────────┼─────────────────────────────┼─────────────────┤
│ dense (Dense)                        │ (None, 256)                 │       2,359,296 │
├──────────────────────────────────────┼─────────────────────────────┼─────────────────┤
│ batch_normalization_3                │ (None, 256)                 │           1,024 │
│ (BatchNormalization)                 │                             │                 │
├──────────────────────────────────────┼─────────────────────────────┼─────────────────┤
│ activation_3 (Activation)            │ (None, 256)                 │               0 │
├──────────────────────────────────────┼─────────────────────────────┼─────────────────┤
│ dropout_3 (Dropout)                  │ (None, 256)                 │               0 │
├──────────────────────────────────────┼─────────────────────────────┼─────────────────┤
│ dense_1 (Dense)                      │ (None, 4)                   │           1,028 │
└──────────────────────────────────────┴─────────────────────────────┴─────────────────┘
 Total params: 2,732,356 (10.42 MB)
 Trainable params: 2,730,948 (10.42 MB)
 Non-trainable params: 1,408 (5.50 KB)

[Model] Total params : 2,732,356
[Model] Classes      : 4
[Model] Input shape  : (48 x 48 x 1)

=======================================================
  STEP 2 — Train
=======================================================
 Epoch   T-Loss   T-Acc   V-Loss   V-Acc         LR
---------------------------------------------------
     1   1.7447  0.3021   1.5768  0.2483   0.001000
[Model] Weights saved -> outputs/best_weights.weights.h5
         * Best saved  (val_acc=0.2483)
     2   1.5697  0.3123   1.4169  0.2483   0.001000
     3   1.4699  0.3471   1.4151  0.2632   0.001000
[Model] Weights saved -> outputs/best_weights.weights.h5
         * Best saved  (val_acc=0.2632)
     4   1.4264  0.3808   1.3696  0.3023   0.001000
[Model] Weights saved -> outputs/best_weights.weights.h5
         * Best saved  (val_acc=0.3023)
     5   1.3452  0.4192   1.2738  0.4023   0.001000
[Model] Weights saved -> outputs/best_weights.weights.h5
         * Best saved  (val_acc=0.4023)
     6   1.2951  0.4266   1.2129  0.4575   0.001000
[Model] Weights saved -> outputs/best_weights.weights.h5
         * Best saved  (val_acc=0.4575)
     7   1.2039  0.4764   1.2662  0.4506   0.001000
     8   1.1532  0.4945   1.2563  0.4103   0.001000
     9   1.1188  0.5208   1.2213  0.4483   0.001000
    10   1.0737  0.5305   1.1359  0.4885   0.001000
[Model] Weights saved -> outputs/best_weights.weights.h5
         * Best saved  (val_acc=0.4885)
    11   1.0243  0.5668   1.1313  0.4920   0.001000
[Model] Weights saved -> outputs/best_weights.weights.h5
         * Best saved  (val_acc=0.4920)
    12   0.9685  0.5781   1.1267  0.5218   0.001000
[Model] Weights saved -> outputs/best_weights.weights.h5
         * Best saved  (val_acc=0.5218)
    13   0.9481  0.5949   1.0804  0.5253   0.001000
[Model] Weights saved -> outputs/best_weights.weights.h5
         * Best saved  (val_acc=0.5253)
    14   0.9097  0.6314   1.2108  0.4977   0.001000
    15   0.8902  0.6215   1.1447  0.5092   0.001000
    16   0.8798  0.6399   1.0762  0.5391   0.001000
[Model] Weights saved -> outputs/best_weights.weights.h5
         * Best saved  (val_acc=0.5391)
    17   0.8424  0.6601   1.2714  0.4851   0.001000
    18   0.8013  0.6721   1.1240  0.5333   0.001000
    19   0.7797  0.6871   1.1552  0.5069   0.001000
    20   0.7332  0.7055   1.1189  0.5437   0.001000
[Model] Weights saved -> outputs/best_weights.weights.h5
         * Best saved  (val_acc=0.5437)
    21   0.7260  0.7069   1.1402  0.5552   0.001000
[Model] Weights saved -> outputs/best_weights.weights.h5
         * Best saved  (val_acc=0.5552)
    22   0.7165  0.7212   1.1528  0.5448   0.001000
    23   0.6899  0.7146   1.1566  0.5276   0.001000
    24   0.6757  0.7287   1.2796  0.5368   0.001000
    25   0.6433  0.7612   1.2028  0.5402   0.001000
    26   0.6202  0.7603   1.3954  0.4793   0.001000
         v LR reduced -> 0.000500
    27   0.6266  0.7571   1.5167  0.4678   0.000500
    28   0.5803  0.7769   1.2346  0.5103   0.000500
    29   0.5362  0.7959   1.1694  0.5437   0.000500
    30   0.5345  0.7991   1.2089  0.5195   0.000500
    31   0.5265  0.8030   1.4162  0.5356   0.000500
         v LR reduced -> 0.000250

[Train] Early stopping at epoch 31.

[Train] Best validation accuracy: 0.5552
[Main] History saved → outputs/history.json

=======================================================
  STEP 3 — Evaluate
=======================================================
[Model] Weights loaded <- outputs/best_weights.weights.h5

[Evaluate] Classification Report:
───────────────────────────────────────────────────────
              precision    recall  f1-score   support

       angry     0.5904    0.4744    0.5261       234
       happy     0.7624    0.6571    0.7059       210
         sad     0.4463    0.3762    0.4083       210
     neutral     0.4712    0.7206    0.5698       204

    accuracy                         0.5536       858
   macro avg     0.5676    0.5571    0.5525       858
weighted avg     0.5689    0.5536    0.5516       858

[Evaluate] Confusion matrix -> logs/confusion_latest.png
[Evaluate] History plot -> logs/history_latest.png
[Logger] Experiment saved: exp_20260427_215122
         JSON  -> logs/experiments.json
         CSV   -> logs/summary.csv

====================================================================================================
  EXPERIMENT COMPARISON TABLE
====================================================================================================
ID                     Notes                      ValAcc  MacroF1  Size KB   FPS  Epochs
----------------------------------------------------------------------------------------------------
20260427_212702                                   0.5517   0.5624   1255.9   0.0      31
20260427_213820                                   0.5529   0.5377   1255.9   0.0      31
20260427_213833                                   0.5437   0.5377   1255.9   0.0      30
20260427_215122                                   0.5552   0.5525   1255.9   0.0      31
====================================================================================================
  Total experiments: 4
  Log files: logs/experiments.json  |  logs/summary.csv


=======================================================
  STEP 4 — Convert to TFLite for Raspberry Pi
=======================================================
[Convert] Loading model weights...
[Model] Weights loaded <- outputs/best_weights.weights.h5
[Convert] Running TFLite conversion with quantisation...
[Convert] Saved  -> outputs/expression_model.tflite
[Convert] Size   : 2682.2 KB
[Convert] Running sanity check...
[Convert] Probabilities sum: 1.0000  (should be ~1.0) OK
[Convert] Conversion complete.

=======================================================
  PIPELINE COMPLETE
=======================================================
  Weights  → outputs/best_weights.npy
  TFLite   → outputs/expression_model.tflite
  Copy expression_model.tflite + inference_pi.py to your Pi
=======================================================
