/Users/a91935/Documents/Ananya/UCL/DLSN/files/evaluate.py:73: UserWarning: FigureCanvasAgg is non-interactive, and thus cannot be shown
  plt.show()
/Users/a91935/Documents/Ananya/UCL/DLSN/files/evaluate.py:52: UserWarning: FigureCanvasAgg is non-interactive, and thus cannot be shown
  plt.show()
WARNING:absl:Please consider providing the trackable_obj argument in the from_concrete_functions. Providing without the trackable_obj argument is deprecated and it will use the deprecated conversion path.
/Users/a91935/Documents/Ananya/UCL/DLSN/files/venv/lib/python3.13/site-packages/tensorflow/lite/python/interpreter.py:457: UserWarning:     Warning: tf.lite.Interpreter is deprecated and is scheduled for deletion in
    TF 2.20. Please use the LiteRT interpreter from the ai_edge_litert package.
    See the [migration guide](https://ai.google.dev/edge/litert/migration)
    for details.
    
  warnings.warn(_INTERPRETER_DELETION_WARNING)
█████████████████████████████████████████████
  sad           408  ████████████████████████████████████████
  neutral       546  ██████████████████████████████████████████████████████
Model: "ExpressionCNN"
┏━━━━━━━━━━━━━━━━━━━━━━━━━━━━━━━━━━━━━━┳━━━━━━━━━━━━━━━━━━━━━━━━━━━━━┳━━━━━━━━━━━━━━━━━┓
┃ Layer (type)                         ┃ Output Shape                ┃         Param # ┃
┡━━━━━━━━━━━━━━━━━━━━━━━━━━━━━━━━━━━━━━╇━━━━━━━━━━━━━━━━━━━━━━━━━━━━━╇━━━━━━━━━━━━━━━━━┩
│ input_layer (InputLayer)             │ (None, 48, 48, 1)           │               0 │
├──────────────────────────────────────┼─────────────────────────────┼─────────────────┤
│ conv2d (Conv2D)                      │ (None, 48, 48, 32)          │             288 │
├──────────────────────────────────────┼─────────────────────────────┼─────────────────┤
│ batch_normalization                  │ (None, 48, 48, 32)          │             128 │
│ (BatchNormalization)                 │                             │                 │
├──────────────────────────────────────┼─────────────────────────────┼─────────────────┤
│ activation (Activation)              │ (None, 48, 48, 32)          │               0 │
├──────────────────────────────────────┼─────────────────────────────┼─────────────────┤
│ max_pooling2d (MaxPooling2D)         │ (None, 24, 24, 32)          │               0 │
├──────────────────────────────────────┼─────────────────────────────┼─────────────────┤
│ dropout (Dropout)                    │ (None, 24, 24, 32)          │               0 │
├──────────────────────────────────────┼─────────────────────────────┼─────────────────┤
│ conv2d_1 (Conv2D)                    │ (None, 24, 24, 64)          │          18,432 │
├──────────────────────────────────────┼─────────────────────────────┼─────────────────┤
│ batch_normalization_1                │ (None, 24, 24, 64)          │             256 │
│ (BatchNormalization)                 │                             │                 │
├──────────────────────────────────────┼─────────────────────────────┼─────────────────┤
│ activation_1 (Activation)            │ (None, 24, 24, 64)          │               0 │
├──────────────────────────────────────┼─────────────────────────────┼─────────────────┤
│ max_pooling2d_1 (MaxPooling2D)       │ (None, 12, 12, 64)          │               0 │
├──────────────────────────────────────┼─────────────────────────────┼─────────────────┤
│ dropout_1 (Dropout)                  │ (None, 12, 12, 64)          │               0 │
├──────────────────────────────────────┼─────────────────────────────┼─────────────────┤
│ conv2d_2 (Conv2D)                    │ (None, 12, 12, 128)         │          73,728 │
├──────────────────────────────────────┼─────────────────────────────┼─────────────────┤
│ batch_normalization_2                │ (None, 12, 12, 128)         │             512 │
│ (BatchNormalization)                 │                             │                 │
├──────────────────────────────────────┼─────────────────────────────┼─────────────────┤
│ activation_2 (Activation)            │ (None, 12, 12, 128)         │               0 │
├──────────────────────────────────────┼─────────────────────────────┼─────────────────┤
│ max_pooling2d_2 (MaxPooling2D)       │ (None, 6, 6, 128)           │               0 │
├──────────────────────────────────────┼─────────────────────────────┼─────────────────┤
│ dropout_2 (Dropout)                  │ (None, 6, 6, 128)           │               0 │
├──────────────────────────────────────┼─────────────────────────────┼─────────────────┤
│ flatten (Flatten)                    │ (None, 4608)                │               0 │
├──────────────────────────────────────┼─────────────────────────────┼─────────────────┤
│ dense (Dense)                        │ (None, 256)                 │       1,179,648 │
├──────────────────────────────────────┼─────────────────────────────┼─────────────────┤
│ batch_normalization_3                │ (None, 256)                 │           1,024 │
│ (BatchNormalization)                 │                             │                 │
├──────────────────────────────────────┼─────────────────────────────┼─────────────────┤
│ activation_3 (Activation)            │ (None, 256)                 │               0 │
├──────────────────────────────────────┼─────────────────────────────┼─────────────────┤
│ dropout_3 (Dropout)                  │ (None, 256)                 │               0 │
├──────────────────────────────────────┼─────────────────────────────┼─────────────────┤
│ dense_1 (Dense)                      │ (None, 4)                   │           1,028 │
└──────────────────────────────────────┴─────────────────────────────┴─────────────────┘
 Total params: 1,275,044 (4.86 MB)
 Trainable params: 1,274,084 (4.86 MB)
 Non-trainable params: 960 (3.75 KB)

[Model] Total params : 1,275,044
[Model] Classes      : 4
[Model] Input shape  : (48 x 48 x 1)

=======================================================
  STEP 2 — Train
=======================================================
 Epoch   T-Loss   T-Acc   V-Loss   V-Acc         LR
---------------------------------------------------
     1   1.7868  0.2935   1.4443  0.2713   0.001000
[Model] Weights saved -> outputs/best_weights.weights.h5
         * Best saved  (val_acc=0.2713)
     2   1.6143  0.2901   1.4029  0.2805   0.001000
[Model] Weights saved -> outputs/best_weights.weights.h5
         * Best saved  (val_acc=0.2805)
     3   1.4988  0.3335   1.3701  0.2954   0.001000
[Model] Weights saved -> outputs/best_weights.weights.h5
         * Best saved  (val_acc=0.2954)
     4   1.4300  0.3751   1.3732  0.3253   0.001000
[Model] Weights saved -> outputs/best_weights.weights.h5
         * Best saved  (val_acc=0.3253)
     5   1.3879  0.3940   1.3324  0.3241   0.001000
     6   1.3386  0.4153   1.2553  0.4057   0.001000
[Model] Weights saved -> outputs/best_weights.weights.h5
         * Best saved  (val_acc=0.4057)
     7   1.2857  0.4356   1.2483  0.4172   0.001000
[Model] Weights saved -> outputs/best_weights.weights.h5
         * Best saved  (val_acc=0.4172)
     8   1.2347  0.4406   1.2127  0.4310   0.001000
[Model] Weights saved -> outputs/best_weights.weights.h5
         * Best saved  (val_acc=0.4310)
     9   1.1974  0.4838   1.2080  0.4253   0.001000
    10   1.1771  0.4808   1.1665  0.4540   0.001000
[Model] Weights saved -> outputs/best_weights.weights.h5
         * Best saved  (val_acc=0.4540)
    11   1.1319  0.5065   1.2343  0.4138   0.001000
    12   1.0876  0.5243   1.1426  0.4943   0.001000
[Model] Weights saved -> outputs/best_weights.weights.h5
         * Best saved  (val_acc=0.4943)
    13   1.0606  0.5545   1.1398  0.4816   0.001000
    14   1.0326  0.5637   1.2159  0.4517   0.001000
    15   1.0298  0.5661   1.1527  0.4931   0.001000
    16   0.9976  0.5808   1.1852  0.4920   0.001000
    17   1.0018  0.5762   1.1566  0.5069   0.001000
[Model] Weights saved -> outputs/best_weights.weights.h5
         * Best saved  (val_acc=0.5069)
    18   0.9608  0.6146   1.1202  0.5115   0.001000
[Model] Weights saved -> outputs/best_weights.weights.h5
         * Best saved  (val_acc=0.5115)
    19   0.9531  0.6056   1.0791  0.5264   0.001000
[Model] Weights saved -> outputs/best_weights.weights.h5
         * Best saved  (val_acc=0.5264)
    20   0.9265  0.6146   1.0834  0.5264   0.001000
    21   0.9116  0.6245   1.1002  0.5276   0.001000
[Model] Weights saved -> outputs/best_weights.weights.h5
         * Best saved  (val_acc=0.5276)
    22   0.8889  0.6298   1.1370  0.5080   0.001000
    23   0.8808  0.6492   1.1010  0.5241   0.001000
    24   0.8628  0.6436   1.1615  0.5149   0.001000
    25   0.8398  0.6566   1.0927  0.5264   0.001000
    26   0.8336  0.6561   1.1559  0.5425   0.001000
[Model] Weights saved -> outputs/best_weights.weights.h5
         * Best saved  (val_acc=0.5425)
    27   0.8197  0.6732   1.1805  0.5046   0.001000
    28   0.7912  0.6905   1.1421  0.5322   0.001000
    29   0.7796  0.6896   1.1071  0.5540   0.001000
[Model] Weights saved -> outputs/best_weights.weights.h5
         * Best saved  (val_acc=0.5540)
    30   0.7406  0.7053   1.1311  0.5241   0.001000
    31   0.7451  0.6899   1.1187  0.5368   0.001000
    32   0.7477  0.6945   1.1410  0.5276   0.001000
    33   0.7014  0.7072   1.1712  0.5379   0.001000
    34   0.6926  0.7198   1.2654  0.5103   0.001000
         v LR reduced -> 0.000500
    35   0.6858  0.7127   1.2031  0.5276   0.000500
    36   0.6911  0.7250   1.2099  0.4989   0.000500
    37   0.6904  0.7213   1.2049  0.5391   0.000500
    38   0.6732  0.7289   1.1310  0.5471   0.000500
    39   0.6561  0.7411   1.1915  0.5471   0.000500
         v LR reduced -> 0.000250

[Train] Early stopping at epoch 39.

[Train] Best validation accuracy: 0.5540
[Main] History saved → outputs/history.json

=======================================================
  STEP 3 — Evaluate
=======================================================
[Model] Weights loaded <- outputs/best_weights.weights.h5

[Evaluate] Classification Report:
───────────────────────────────────────────────────────
              precision    recall  f1-score   support

       angry     0.5743    0.4957    0.5321       234
       happy     0.6625    0.7571    0.7067       210
         sad     0.4323    0.4714    0.4510       210
     neutral     0.5561    0.5098    0.5320       204

    accuracy                         0.5571       858
   macro avg     0.5563    0.5585    0.5554       858
weighted avg     0.5568    0.5571    0.5550       858

[Evaluate] Confusion matrix -> logs/confusion_latest.png
[Evaluate] History plot -> logs/history_latest.png
[Logger] Experiment saved: exp_20260428_075251
         JSON  -> logs/experiments.json
         CSV   -> logs/summary.csv

====================================================================================================
  EXPERIMENT COMPARISON TABLE
====================================================================================================
ID                     Notes                      ValAcc  MacroF1  Size KB   FPS  Epochs
----------------------------------------------------------------------------------------------------
20260427_212702                                   0.5517   0.5624   1255.9   0.0      31
20260427_213820                                   0.5529   0.5377   1255.9   0.0      31
20260427_213833                                   0.5437   0.5377   1255.9   0.0      30
20260427_215122                                   0.5552   0.5525   1255.9   0.0      31
20260428_075251                                    0.554   0.5554   1255.9   0.0      39
====================================================================================================
  Total experiments: 5
  Log files: logs/experiments.json  |  logs/summary.csv


=======================================================
  STEP 4 — Convert to TFLite for Raspberry Pi
=======================================================
[Convert] Loading model weights...
[Model] Weights loaded <- outputs/best_weights.weights.h5
[Convert] Running TFLite conversion with quantisation...
[Convert] Saved  -> outputs/expression_model.tflite
[Convert] Size   : 1255.9 KB
[Convert] Running sanity check...
[Convert] Probabilities sum: 1.0000  (should be ~1.0) OK
[Convert] Conversion complete.

=======================================================
  PIPELINE COMPLETE
=======================================================
  Weights  → outputs/best_weights.npy
  TFLite   → outputs/expression_model.tflite
  Copy expression_model.tflite + inference_pi.py to your Pi
=======================================================
