WARNING:absl:Please consider providing the trackable_obj argument in the from_concrete_functions. Providing without the trackable_obj argument is deprecated and it will use the deprecated conversion path.
/Users/a91935/Documents/Ananya/UCL/DLSN/files/venv/lib/python3.13/site-packages/tensorflow/lite/python/interpreter.py:457: UserWarning:     Warning: tf.lite.Interpreter is deprecated and is scheduled for deletion in
    TF 2.20. Please use the LiteRT interpreter from the ai_edge_litert package.
    See the [migration guide](https://ai.google.dev/edge/litert/migration)
    for details.
    
  warnings.warn(_INTERPRETER_DELETION_WARNING)
 label distribution: {'angry': 450, 'happy': 480, 'sad': 408, 'neutral': 546}

Class distribution (train set):
  angry         450  █████████████████████████████████████████████
  happy         480  ████████████████████████████████████████████████
  sad           408  ████████████████████████████████████████
  neutral       546  ██████████████████████████████████████████████████████
Model: "ExpressionCNN"
┏━━━━━━━━━━━━━━━━━━━━━━━━━━━━━━━━━━━━━━┳━━━━━━━━━━━━━━━━━━━━━━━━━━━━━┳━━━━━━━━━━━━━━━━━┓
┃ Layer (type)                         ┃ Output Shape                ┃         Param # ┃
┡━━━━━━━━━━━━━━━━━━━━━━━━━━━━━━━━━━━━━━╇━━━━━━━━━━━━━━━━━━━━━━━━━━━━━╇━━━━━━━━━━━━━━━━━┩
│ input_layer (InputLayer)             │ (None, 48, 48, 1)           │               0 │
├──────────────────────────────────────┼─────────────────────────────┼─────────────────┤
│ conv2d (Conv2D)                      │ (None, 48, 48, 32)          │             288 │
├──────────────────────────────────────┼─────────────────────────────┼─────────────────┤
│ batch_normalization                  │ (None, 48, 48, 32)          │             128 │
│ (BatchNormalization)                 │                             │                 │
├──────────────────────────────────────┼─────────────────────────────┼─────────────────┤
│ activation (Activation)              │ (None, 48, 48, 32)          │               0 │
├──────────────────────────────────────┼─────────────────────────────┼─────────────────┤
│ max_pooling2d (MaxPooling2D)         │ (None, 24, 24, 32)          │               0 │
├──────────────────────────────────────┼─────────────────────────────┼─────────────────┤
│ dropout (Dropout)                    │ (None, 24, 24, 32)          │               0 │
├──────────────────────────────────────┼─────────────────────────────┼─────────────────┤
│ conv2d_1 (Conv2D)                    │ (None, 24, 24, 64)          │          18,432 │
├──────────────────────────────────────┼─────────────────────────────┼─────────────────┤
│ batch_normalization_1                │ (None, 24, 24, 64)          │             256 │
│ (BatchNormalization)                 │                             │                 │
├──────────────────────────────────────┼─────────────────────────────┼─────────────────┤
│ activation_1 (Activation)            │ (None, 24, 24, 64)          │               0 │
├──────────────────────────────────────┼─────────────────────────────┼─────────────────┤
│ max_pooling2d_1 (MaxPooling2D)       │ (None, 12, 12, 64)          │               0 │
├──────────────────────────────────────┼─────────────────────────────┼─────────────────┤
│ dropout_1 (Dropout)                  │ (None, 12, 12, 64)          │               0 │
├──────────────────────────────────────┼─────────────────────────────┼─────────────────┤
│ conv2d_2 (Conv2D)                    │ (None, 12, 12, 128)         │          73,728 │
├──────────────────────────────────────┼─────────────────────────────┼─────────────────┤
│ batch_normalization_2                │ (None, 12, 12, 128)         │             512 │
│ (BatchNormalization)                 │                             │                 │
├──────────────────────────────────────┼─────────────────────────────┼─────────────────┤
│ activation_2 (Activation)            │ (None, 12, 12, 128)         │               0 │
├──────────────────────────────────────┼─────────────────────────────┼─────────────────┤
│ max_pooling2d_2 (MaxPooling2D)       │ (None, 6, 6, 128)           │               0 │
├──────────────────────────────────────┼─────────────────────────────┼─────────────────┤
│ dropout_2 (Dropout)                  │ (None, 6, 6, 128)           │               0 │
├──────────────────────────────────────┼─────────────────────────────┼─────────────────┤
│ flatten (Flatten)                    │ (None, 4608)                │               0 │
├──────────────────────────────────────┼─────────────────────────────┼─────────────────┤
│ dense (Dense)                        │ (None, 256)                 │       1,179,648 │
├──────────────────────────────────────┼─────────────────────────────┼─────────────────┤
│ batch_normalization_3                │ (None, 256)                 │           1,024 │
│ (BatchNormalization)                 │                             │                 │
├──────────────────────────────────────┼─────────────────────────────┼─────────────────┤
│ activation_3 (Activation)            │ (None, 256)                 │               0 │
├──────────────────────────────────────┼─────────────────────────────┼─────────────────┤
│ dropout_3 (Dropout)                  │ (None, 256)                 │               0 │
├──────────────────────────────────────┼─────────────────────────────┼─────────────────┤
│ dense_1 (Dense)                      │ (None, 4)                   │           1,028 │
└──────────────────────────────────────┴─────────────────────────────┴─────────────────┘
 Total params: 1,275,044 (4.86 MB)
 Trainable params: 1,274,084 (4.86 MB)
 Non-trainable params: 960 (3.75 KB)

[Model] Total params : 1,275,044
[Model] Classes      : 4
[Model] Input shape  : (48 x 48 x 1)

=======================================================
  STEP 2 — Train
=======================================================
 Epoch   T-Loss   T-Acc   V-Loss   V-Acc         LR
---------------------------------------------------
     1   1.7760  0.2878   1.4232  0.2506   0.001000
[Model] Weights saved -> outputs/best_weights.weights.h5
         * Best saved  (val_acc=0.2506)
     2   1.5757  0.2972   1.3912  0.2839   0.001000
[Model] Weights saved -> outputs/best_weights.weights.h5
         * Best saved  (val_acc=0.2839)
     3   1.5088  0.3194   1.3624  0.3885   0.001000
[Model] Weights saved -> outputs/best_weights.weights.h5
         * Best saved  (val_acc=0.3885)
     4   1.4260  0.3852   1.3578  0.2954   0.001000
     5   1.3550  0.4049   1.2510  0.4322   0.001000
[Model] Weights saved -> outputs/best_weights.weights.h5
         * Best saved  (val_acc=0.4322)
     6   1.3118  0.4102   1.2346  0.4460   0.001000
[Model] Weights saved -> outputs/best_weights.weights.h5
         * Best saved  (val_acc=0.4460)
     7   1.2263  0.4578   1.3093  0.3874   0.001000
     8   1.2091  0.4660   1.1703  0.4701   0.001000
[Model] Weights saved -> outputs/best_weights.weights.h5
         * Best saved  (val_acc=0.4701)
     9   1.1759  0.4880   1.1586  0.4931   0.001000
[Model] Weights saved -> outputs/best_weights.weights.h5
         * Best saved  (val_acc=0.4931)
    10   1.1485  0.4937   1.1660  0.4736   0.001000
    11   1.0972  0.5245   1.2788  0.4310   0.001000
    12   1.0696  0.5430   1.1683  0.4874   0.001000
    13   1.0379  0.5603   1.1166  0.4897   0.001000
    14   1.0259  0.5683   1.1379  0.4862   0.001000
         v LR reduced -> 0.000500
    15   0.9888  0.5885   1.1178  0.5080   0.000500
[Model] Weights saved -> outputs/best_weights.weights.h5
         * Best saved  (val_acc=0.5080)
    16   0.9644  0.5937   1.1527  0.5011   0.000500
    17   0.9729  0.5861   1.1227  0.5172   0.000500
[Model] Weights saved -> outputs/best_weights.weights.h5
         * Best saved  (val_acc=0.5172)
    18   0.9524  0.6009   1.1402  0.5103   0.000500
    19   0.9236  0.6229   1.1121  0.5230   0.000500
[Model] Weights saved -> outputs/best_weights.weights.h5
         * Best saved  (val_acc=0.5230)
    20   0.8865  0.6485   1.0751  0.5437   0.000500
[Model] Weights saved -> outputs/best_weights.weights.h5
         * Best saved  (val_acc=0.5437)
    21   0.8887  0.6407   1.0762  0.5345   0.000500
    22   0.8749  0.6522   1.1515  0.5207   0.000500
    23   0.8844  0.6353   1.1635  0.4989   0.000500
    24   0.8275  0.6691   1.1254  0.5333   0.000500
    25   0.8258  0.6743   1.1024  0.5322   0.000500
         v LR reduced -> 0.000250
    26   0.8139  0.6653   1.2138  0.5333   0.000250
    27   0.7886  0.6808   1.3039  0.5034   0.000250
    28   0.7817  0.6780   1.1458  0.5241   0.000250
    29   0.7289  0.7083   1.1541  0.5126   0.000250
    30   0.7290  0.7093   1.1997  0.5264   0.000250
         v LR reduced -> 0.000125

[Train] Early stopping at epoch 30.

[Train] Best validation accuracy: 0.5437
[Main] History saved → outputs/history.json

=======================================================
  STEP 3 — Evaluate
=======================================================
[Model] Weights loaded <- outputs/best_weights.weights.h5

[Evaluate] Classification Report:
───────────────────────────────────────────────────────
              precision    recall  f1-score   support

       angry     0.5165    0.5342    0.5252       234
       happy     0.6681    0.7571    0.7098       210
         sad     0.4714    0.3143    0.3771       210
     neutral     0.5000    0.5833    0.5385       204

    accuracy                         0.5466       858
   macro avg     0.5390    0.5472    0.5377       858
weighted avg     0.5387    0.5466    0.5373       858

[Evaluate] Confusion matrix -> logs/confusion_latest.png
[Evaluate] History plot -> logs/history_latest.png
[Logger] Experiment saved: exp_20260427_213833
         JSON  -> logs/experiments.json
         CSV   -> logs/summary.csv

====================================================================================================
  EXPERIMENT COMPARISON TABLE
====================================================================================================
ID                     Notes                      ValAcc  MacroF1  Size KB   FPS  Epochs
----------------------------------------------------------------------------------------------------
20260427_212702                                   0.5517   0.5624   1255.9   0.0      31
20260427_213820                                   0.5529   0.5377   1255.9   0.0      31
20260427_213833                                   0.5437   0.5377   1255.9   0.0      30
====================================================================================================
  Total experiments: 3
  Log files: logs/experiments.json  |  logs/summary.csv


=======================================================
  STEP 4 — Convert to TFLite for Raspberry Pi
=======================================================
[Convert] Loading model weights...
[Model] Weights loaded <- outputs/best_weights.weights.h5
[Convert] Running TFLite conversion with quantisation...
[Convert] Saved  -> outputs/expression_model.tflite
[Convert] Size   : 1255.9 KB
[Convert] Running sanity check...
[Convert] Probabilities sum: 1.0000  (should be ~1.0) OK
[Convert] Conversion complete.

=======================================================
  PIPELINE COMPLETE
=======================================================
  Weights  → outputs/best_weights.npy
  TFLite   → outputs/expression_model.tflite
  Copy expression_model.tflite + inference_pi.py to your Pi
=======================================================
